<testsuites id="" name="" tests="11" failures="1" skipped="0" errors="0" time="148.75629800000002">
<testsuite name="global.setup.js" timestamp="2025-06-06T08:17:16.020Z" hostname="setup" tests="1" failures="0" skipped="0" time="22.27" errors="0">
<testcase name="Setting up Authenticate" classname="global.setup.js" time="22.27">
<system-out>
<![CDATA[Starting authentication setup...
Running in pipeline: No
Using standard authentication flow...
Logging in as super_user...
Starting Azure AD B2C login flow...
Clicking Connect button...
Entering username...
Entering password...
Submitting login form...
Login flow completed
Verifying successful login...
Current URL: https://app-dev.auditmypayroll.com.au/dashboard
Expected URL: undefined
Saving authentication state...
Authentication state saved to auth-super_user.json
Authentication setup completed successfully
]]>
</system-out>
</testcase>
</testsuite>
<testsuite name="features\user\changePassword.spec.js" timestamp="2025-06-06T08:17:16.020Z" hostname="chrome-authenticated-profile" tests="6" failures="0" skipped="0" time="67.957" errors="0">
<testcase name="Change Password Page › Check Change Password heading" classname="features\user\changePassword.spec.js" time="4.981">
<system-out>
<![CDATA[Waiting for profile settings page to load...
]]>
</system-out>
</testcase>
<testcase name="Change Password Page › Check Change Password fields" classname="features\user\changePassword.spec.js" time="5.723">
<system-out>
<![CDATA[Waiting for profile settings page to load...
]]>
</system-out>
</testcase>
<testcase name="Change Password Page › Check password tooltip icon" classname="features\user\changePassword.spec.js" time="6.069">
<system-out>
<![CDATA[Waiting for profile settings page to load...
]]>
</system-out>
</testcase>
<testcase name="Change Password Page › check same current and new password" classname="features\user\changePassword.spec.js" time="19.211">
<system-out>
<![CDATA[Waiting for profile settings page to load...
]]>
</system-out>
</testcase>
<testcase name="Change Password Page › check new password and confirm password mismatch" classname="features\user\changePassword.spec.js" time="13.406">
<system-out>
<![CDATA[Waiting for profile settings page to load...
]]>
</system-out>
</testcase>
<testcase name="Change Password Page › check wrong current password" classname="features\user\changePassword.spec.js" time="18.567">
<system-out>
<![CDATA[Waiting for profile settings page to load...
]]>
</system-out>
</testcase>
</testsuite>
<testsuite name="features\user\profile.spec.js" timestamp="2025-06-06T08:17:16.020Z" hostname="chrome-authenticated-profile" tests="3" failures="0" skipped="0" time="18.297" errors="0">
<testcase name="Profile Settings Page › Check Profile Settings and Password sections" classname="features\user\profile.spec.js" time="5.471">
<system-out>
<![CDATA[Waiting for profile settings page to load...
]]>
</system-out>
</testcase>
<testcase name="Profile Settings Page › Verify profile settings fields" classname="features\user\profile.spec.js" time="6.837">
<system-out>
<![CDATA[Waiting for profile settings page to load...
Name field checking completed
Position field checking completed
Email field checking completed
]]>
</system-out>
</testcase>
<testcase name="Profile Settings Page › Verify change password button" classname="features\user\profile.spec.js" time="5.989">
<system-out>
<![CDATA[Waiting for profile settings page to load...
]]>
</system-out>
</testcase>
</testsuite>
<testsuite name="features\user\userFunction.spec.js" timestamp="2025-06-06T08:17:16.020Z" hostname="chrome-authenticated-profile" tests="1" failures="1" skipped="0" time="33.902" errors="0">
<testcase name="Admin Navigation › create user" classname="features\user\userFunction.spec.js" time="33.902">
<failure message="userFunction.spec.js:27:5 create user" type="FAILURE">
<![CDATA[  [chrome-authenticated-profile] › features\user\userFunction.spec.js:27:5 › Admin Navigation › create user 

    TimeoutError: locator.waitFor: Timeout 30000ms exceeded.
    Call log:
      - waiting for locator('a[href=\'/createuserdetail\']') to be visible


       at features\user\pageObjects\createUserPage.js:28

      26 |
      27 |         const createUserButton = this.page.locator(this.selectors.createUserButton);
    > 28 |         await createUserButton.waitFor({ state: 'visible', timeout: 30000 });
         |                                ^
      29 |         await createUserButton.click()
      30 |         const createUserPageTitle = this.page.locator(this.selectors.createUserPageTitle);
      31 |         return createUserPageTitle;
        at createUserPage.navigateToUserList (D:\Automation Playwright-1\tests\features\user\pageObjects\createUserPage.js:28:32)
        at D:\Automation Playwright-1\tests\features\user\userFunction.spec.js:30:41

    attachment #1: screenshot (image/png) ──────────────────────────────────────────────────────────
    test-results\userFunction-Admin-Navigation-create-user-chrome-authenticated-profile\test-failed-1.png
    ────────────────────────────────────────────────────────────────────────────────────────────────
]]>
</failure>
<system-out>
<![CDATA[Navigating to user list...

[[ATTACHMENT|userFunction-Admin-Navigation-create-user-chrome-authenticated-profile\test-failed-1.png]]
]]>
</system-out>
<system-err>
<![CDATA[Test failed: locator.waitFor: Timeout 30000ms exceeded.
Call log:
[2m  - waiting for locator('a[href=\'/createuserdetail\']') to be visible[22m

    at createUserPage.navigateToUserList [90m(D:\Automation Playwright-1\[39mtests\features\user\pageObjects\createUserPage.js:28:32[90m)[39m
    at [90mD:\Automation Playwright-1\[39mtests\features\user\userFunction.spec.js:30:41 {
  name: [32m'TimeoutError'[39m,
  [[32mSymbol(step)[39m]: {
    stepId: [32m'pw:api@7'[39m,
    location: {
      file: [32m'D:\\Automation Playwright-1\\tests\\features\\user\\pageObjects\\createUserPage.js'[39m,
      line: [33m28[39m,
      column: [33m32[39m,
      function: [32m'createUserPage.navigateToUserList'[39m
    },
    category: [32m'pw:api'[39m,
    title: [32m"locator.waitFor(a[href='/createuserdetail'])"[39m,
    apiName: [32m'locator.waitFor'[39m,
    params: {
      selector: [32m"a[href='/createuserdetail']"[39m,
      strict: [33mtrue[39m,
      omitReturnValue: [33mtrue[39m,
      state: [32m'visible'[39m,
      timeout: [33m30000[39m
    },
    boxedStack: [90mundefined[39m,
    steps: [],
    attachmentIndices: [],
    info: TestStepInfoImpl {
      annotations: [],
      _testInfo: [36m[TestInfoImpl][39m,
      _stepId: [32m'pw:api@7'[39m
    },
    complete: [36m[Function: complete][39m,
    endWallTime: [33m1749197983182[39m,
    error: {
      message: [32m'TimeoutError: locator.waitFor: Timeout 30000ms exceeded.\n'[39m +
        [32m'Call log:\n'[39m +
        [32m"\x1B[2m  - waiting for locator('a[href=\\'/createuserdetail\\']') to be visible\x1B[22m\n"[39m,
      stack: [32m'TimeoutError: locator.waitFor: Timeout 30000ms exceeded.\n'[39m +
        [32m'Call log:\n'[39m +
        [32m"\x1B[2m  - waiting for locator('a[href=\\'/createuserdetail\\']') to be visible\x1B[22m\n"[39m +
        [32m'\n'[39m +
        [32m'    at createUserPage.navigateToUserList (D:\\Automation Playwright-1\\tests\\features\\user\\pageObjects\\createUserPage.js:28:32)\n'[39m +
        [32m'    at D:\\Automation Playwright-1\\tests\\features\\user\\userFunction.spec.js:30:41'[39m,
      cause: [90mundefined[39m
    }
  }
}
]]>
</system-err>
</testcase>
</testsuite>
</testsuites>